// Jest Snapshot v1, https://goo.gl/fbAQLP

exports[`should render ExpenseListItem correctly 1`] = `
<div>
  <[object Object]
    to="/edit/2"
  >
    <h3>
      Coffee
    </h3>
  </[object Object]>
  <p>
    2590
     - 
    -345600000
  </p>
</div>
`;
